#
# There is insufficient memory for the Java Runtime Environment to continue.
# Native memory allocation (mmap) failed to map 50331648 bytes. Error detail: G1 virtual space
# Possible reasons:
#   The system is out of physical RAM or swap space
#   This process is running with CompressedOops enabled, and the Java Heap may be blocking the growth of the native heap
# Possible solutions:
#   Reduce memory load on the system
#   Increase physical memory or swap space
#   Check if swap backing store is full
#   Decrease Java heap size (-Xmx/-Xms)
#   Decrease number of Java threads
#   Decrease Java thread stack sizes (-Xss)
#   Set larger code cache with -XX:ReservedCodeCacheSize=
#   JVM is running with Unscaled Compressed Oops mode in which the Java heap is
#     placed in the first 4GB address space. The Java Heap base address is the
#     maximum limit for the native heap growth. Please use -XX:HeapBaseMinAddress
#     to set the Java Heap base and to place the Java Heap above 4GB virtual address.
# This output file may be truncated or incomplete.
#
#  Out of Memory Error (os_windows.cpp:3618), pid=2292, tid=29304
#
# JRE version: OpenJDK Runtime Environment Temurin-17.0.18+8 (17.0.18+8) (build 17.0.18+8)
# Java VM: OpenJDK 64-Bit Server VM Temurin-17.0.18+8 (17.0.18+8, mixed mode, emulated-client, sharing, tiered, compressed oops, compressed class ptrs, g1 gc, windows-amd64)
# No core dump will be written. Minidumps are not enabled by default on client versions of Windows
#

---------------  S U M M A R Y ------------

Command Line: -XX:TieredStopAtLevel=1 -Dspring.output.ansi.enabled=always -javaagent:C:\Program Files\JetBrains\IntelliJ IDEA 2026.2.1\lib\idea_rt.jar=58254 -Dfile.encoding=UTF-8 com.example.userservice.UserServiceApplication

Host: 13th Gen Intel(R) Core(TM) i5-1335U, 12 cores, 3G,  Windows 11 , 64 bit Build 26100 (10.0.26100.9278)
Time: Wed Sep  2 15:12:47 2026 India Standard Time elapsed time: 510.897640 seconds (0d 0h 8m 30s)

---------------  T H R E A D  ---------------

Current thread (0x000001d38279ed80):  VMThread "VM Thread" [stack: 0x000000614d500000,0x000000614d600000] [id=29304]

Stack: [0x000000614d500000,0x000000614d600000]
Native frames: (J=compiled Java code, j=interpreted, Vv=VM code, C=native code)
V  [jvm.dll+0x6846f9]
V  [jvm.dll+0x839ea5]
V  [jvm.dll+0x83b91e]
V  [jvm.dll+0x83bfa3]
V  [jvm.dll+0x248eff]
V  [jvm.dll+0x6814b9]
V  [jvm.dll+0x6762ba]
V  [jvm.dll+0x309257]
V  [jvm.dll+0x310826]
V  [jvm.dll+0x360d9e]
V  [jvm.dll+0x360fdd]
V  [jvm.dll+0x2e02dc]
V  [jvm.dll+0x2de6b2]
V  [jvm.dll+0x2dde4c]
V  [jvm.dll+0x320aeb]
V  [jvm.dll+0x8407bd]
V  [jvm.dll+0x8414f3]
V  [jvm.dll+0x841a1f]
V  [jvm.dll+0x841e05]
V  [jvm.dll+0x841ece]
V  [jvm.dll+0x7eaaec]
V  [jvm.dll+0x6835c7]
C  [ucrtbase.dll+0x2cd30]
C  [KERNEL32.DLL+0x2ccb7]
C  [ntdll.dll+0xacaec]

VM_Operation (0x00000061508fe060): G1CollectForAllocation, mode: safepoint, requested by thread 0x000001d3c968ec90


---------------  P R O C E S S  ---------------

Threads class SMR info:
_java_thread_list=0x000001d3c8630fa0, length=34, elements={
0x000001d3827a5460, 0x000001d3827a74c0, 0x000001d3827ced00, 0x000001d3827cf1e0,
0x000001d3827d2240, 0x000001d3827d72a0, 0x000001d3827da300, 0x000001d3827db390,
0x000001d38285e8d0, 0x000001d3c80686c0, 0x000001d3c9134040, 0x000001d3c90dc7e0,
0x000001d3c81c3350, 0x000001d3c81c5420, 0x000001d3c90c0120, 0x000001d3c90c1560,
0x000001d3c90c1a70, 0x000001d3c90c0630, 0x000001d3c968d850, 0x000001d3c968b4e0,
0x000001d3c968d340, 0x000001d3c968a0a0, 0x000001d3c968aac0, 0x000001d3c968c410,
0x000001d3c968c920, 0x000001d3c968dd60, 0x000001d3c968a5b0, 0x000001d3c968e270,
0x000001d3c968e780, 0x000001d3c968ce30, 0x000001d3c968afd0, 0x000001d3c968b9f0,
0x000001d3c968ec90, 0x000001d3c968f1a0
}

Java Threads: ( => current thread )
  0x000001d3827a5460 JavaThread "Reference Handler" daemon [_thread_blocked, id=19224, stack(0x000000614d600000,0x000000614d700000)]
  0x000001d3827a74c0 JavaThread "Finalizer" daemon [_thread_blocked, id=21456, stack(0x000000614d700000,0x000000614d800000)]
  0x000001d3827ced00 JavaThread "Signal Dispatcher" daemon [_thread_blocked, id=8552, stack(0x000000614d800000,0x000000614d900000)]
  0x000001d3827cf1e0 JavaThread "Attach Listener" daemon [_thread_blocked, id=21400, stack(0x000000614d900000,0x000000614da00000)]
  0x000001d3827d2240 JavaThread "Service Thread" daemon [_thread_blocked, id=3228, stack(0x000000614da00000,0x000000614db00000)]
  0x000001d3827d72a0 JavaThread "Monitor Deflation Thread" daemon [_thread_blocked, id=23904, stack(0x000000614db00000,0x000000614dc00000)]
  0x000001d3827da300 JavaThread "C1 CompilerThread0" daemon [_thread_blocked, id=4896, stack(0x000000614dc00000,0x000000614dd00000)]
  0x000001d3827db390 JavaThread "Sweeper thread" daemon [_thread_blocked, id=5956, stack(0x000000614dd00000,0x000000614de00000)]
  0x000001d38285e8d0 JavaThread "Common-Cleaner" daemon [_thread_blocked, id=25740, stack(0x000000614de00000,0x000000614df00000)]
  0x000001d3c80686c0 JavaThread "Notification Thread" daemon [_thread_blocked, id=13052, stack(0x000000614e000000,0x000000614e100000)]
  0x000001d3c9134040 JavaThread "Catalina-utility-1" [_thread_blocked, id=4832, stack(0x000000614ea00000,0x000000614eb00000)]
  0x000001d3c90dc7e0 JavaThread "Catalina-utility-2" [_thread_blocked, id=27124, stack(0x000000614f000000,0x000000614f100000)]
  0x000001d3c81c3350 JavaThread "container-0" [_thread_blocked, id=17392, stack(0x000000614f100000,0x000000614f200000)]
  0x000001d3c81c5420 JavaThread "spectator-gauge-polling-0" daemon [_thread_blocked, id=9448, stack(0x000000614f300000,0x000000614f400000)]
  0x000001d3c90c0120 JavaThread "AsyncResolver-bootstrap-%d" daemon [_thread_blocked, id=18064, stack(0x000000614f400000,0x000000614f500000)]
  0x000001d3c90c1560 JavaThread "DiscoveryClient-%d" daemon [_thread_blocked, id=29468, stack(0x000000614f700000,0x000000614f800000)]
  0x000001d3c90c1a70 JavaThread "DiscoveryClient-%d" daemon [_thread_blocked, id=23700, stack(0x000000614f800000,0x000000614f900000)]
  0x000001d3c90c0630 JavaThread "DiscoveryClient-InstanceInfoReplicator-%d" daemon [_thread_blocked, id=18132, stack(0x000000614f900000,0x000000614fa00000)]
  0x000001d3c968d850 JavaThread "http-nio-8081-exec-1" daemon [_thread_blocked, id=27360, stack(0x000000614fa00000,0x000000614fb00000)]
  0x000001d3c968b4e0 JavaThread "http-nio-8081-exec-2" daemon [_thread_blocked, id=25400, stack(0x000000614fb00000,0x000000614fc00000)]
  0x000001d3c968d340 JavaThread "http-nio-8081-exec-3" daemon [_thread_blocked, id=12196, stack(0x000000614fc00000,0x000000614fd00000)]
  0x000001d3c968a0a0 JavaThread "http-nio-8081-exec-4" daemon [_thread_blocked, id=16632, stack(0x000000614fd00000,0x000000614fe00000)]
  0x000001d3c968aac0 JavaThread "http-nio-8081-exec-5" daemon [_thread_blocked, id=26320, stack(0x000000614fe00000,0x000000614ff00000)]
  0x000001d3c968c410 JavaThread "http-nio-8081-exec-6" daemon [_thread_blocked, id=1308, stack(0x000000614ff00000,0x0000006150000000)]
  0x000001d3c968c920 JavaThread "http-nio-8081-exec-7" daemon [_thread_blocked, id=8152, stack(0x0000006150000000,0x0000006150100000)]
  0x000001d3c968dd60 JavaThread "http-nio-8081-exec-8" daemon [_thread_blocked, id=29064, stack(0x0000006150100000,0x0000006150200000)]
  0x000001d3c968a5b0 JavaThread "http-nio-8081-exec-9" daemon [_thread_blocked, id=29568, stack(0x0000006150200000,0x0000006150300000)]
  0x000001d3c968e270 JavaThread "http-nio-8081-exec-10" daemon [_thread_blocked, id=19216, stack(0x0000006150300000,0x0000006150400000)]
  0x000001d3c968e780 JavaThread "http-nio-8081-Poller" daemon [_thread_in_native, id=18584, stack(0x0000006150400000,0x0000006150500000)]
  0x000001d3c968ce30 JavaThread "http-nio-8081-Acceptor" daemon [_thread_in_native, id=28376, stack(0x0000006150500000,0x0000006150600000)]
  0x000001d3c968afd0 JavaThread "DestroyJavaVM" [_thread_blocked, id=29124, stack(0x000000614cf00000,0x000000614d000000)]
  0x000001d3c968b9f0 JavaThread "DiscoveryClient-CacheRefreshExecutor-%d" daemon [_thread_blocked, id=8340, stack(0x0000006150700000,0x0000006150800000)]
  0x000001d3c968ec90 JavaThread "DiscoveryClient-HeartbeatExecutor-%d" daemon [_thread_blocked, id=9900, stack(0x0000006150800000,0x0000006150900000)]
  0x000001d3c968f1a0 JavaThread "AsyncResolver-bootstrap-executor-%d" daemon [_thread_blocked, id=24032, stack(0x000000614ce00000,0x000000614cf00000)]

Other Threads:
=>0x000001d38279ed80 VMThread "VM Thread" [stack: 0x000000614d500000,0x000000614d600000] [id=29304]
  0x000001d3f29d6b50 WatcherThread [stack: 0x000000614e100000,0x000000614e200000] [id=4808]
  0x000001d3f2a10c90 GCTaskThread "GC Thread#0" [stack: 0x000000614d000000,0x000000614d100000] [id=2080]
  0x000001d3c83e7ca0 GCTaskThread "GC Thread#1" [stack: 0x000000614e200000,0x000000614e300000] [id=29428]
  0x000001d3c8419ff0 GCTaskThread "GC Thread#2" [stack: 0x000000614e300000,0x000000614e400000] [id=28196]
  0x000001d3c844dd00 GCTaskThread "GC Thread#3" [stack: 0x000000614e400000,0x000000614e500000] [id=11192]
  0x000001d3c844dfc0 GCTaskThread "GC Thread#4" [stack: 0x000000614e500000,0x000000614e600000] [id=10496]
  0x000001d3c844e280 GCTaskThread "GC Thread#5" [stack: 0x000000614e600000,0x000000614e700000] [id=1156]
  0x000001d3c85a58c0 GCTaskThread "GC Thread#6" [stack: 0x000000614e900000,0x000000614ea00000] [id=29100]
  0x000001d3c87678a0 GCTaskThread "GC Thread#7" [stack: 0x000000614eb00000,0x000000614ec00000] [id=19040]
  0x000001d3c8767b60 GCTaskThread "GC Thread#8" [stack: 0x000000614ec00000,0x000000614ed00000] [id=12572]
  0x000001d3c8bcd710 GCTaskThread "GC Thread#9" [stack: 0x000000614ed00000,0x000000614ee00000] [id=7592]
  0x000001d3f2a19240 ConcurrentGCThread "G1 Main Marker" [stack: 0x000000614d100000,0x000000614d200000] [id=14068]
  0x000001d3f2a1a9e0 ConcurrentGCThread "G1 Conc#0" [stack: 0x000000614d200000,0x000000614d300000] [id=16336]
  0x000001d3c9027720 ConcurrentGCThread "G1 Conc#1" [stack: 0x000000614ee00000,0x000000614ef00000] [id=2568]
  0x000001d3c90279e0 ConcurrentGCThread "G1 Conc#2" [stack: 0x000000614ef00000,0x000000614f000000] [id=8336]
  0x000001d3f2a7c3f0 ConcurrentGCThread "G1 Refine#0" [stack: 0x000000614d300000,0x000000614d400000] [id=3912]
  0x000001d3c844e540 ConcurrentGCThread "G1 Refine#1" [stack: 0x000000614e700000,0x000000614e800000] [id=20436]
  0x000001d3c844ec40 ConcurrentGCThread "G1 Refine#2" [stack: 0x000000614e800000,0x000000614e900000] [id=27840]
  0x000001d3f2a7e860 ConcurrentGCThread "G1 Service" [stack: 0x000000614d400000,0x000000614d500000] [id=11632]

Threads with active compile tasks:

VM state: at safepoint (normal execution)

VM Mutex/Monitor currently owned by a thread:  ([mutex/lock_event])
[0x000001d3f29cff00] Threads_lock - owner thread: 0x000001d38279ed80
[0x000001d3f29d0bf0] Heap_lock - owner thread: 0x000001d3c968ec90

Heap address: 0x00000000c5800000, size: 936 MB, Compressed Oops mode: 32-bit

CDS archive(s) mapped at: [0x000001d383000000-0x000001d383bb0000-0x000001d383bb0000), size 12255232, SharedBaseAddress: 0x000001d383000000, ArchiveRelocationMode: 1.
Compressed class space mapped at: 0x000001d384000000-0x000001d3c4000000, reserved size: 1073741824
Narrow klass base: 0x000001d383000000, Narrow klass shift: 0, Narrow klass range: 0x100000000

GC Precious Log:
 CPUs: 12 total, 12 available
 Memory: 3739M
 Large Page Support: Disabled
 NUMA Support: Disabled
 Compressed Oops: Enabled (32-bit)
 Heap Region Size: 1M
 Heap Min Capacity: 8M
 Heap Initial Capacity: 60M
 Heap Max Capacity: 936M
 Pre-touch: Disabled
 Parallel Workers: 10
 Concurrent Workers: 3
 Concurrent Refinement Workers: 10
 Periodic GC: Disabled

Heap:
 garbage-first heap   total 73728K, used 30866K [0x00000000c5800000, 0x0000000100000000)
  region size 1024K, 4 young (4096K), 4 survivors (4096K)
 Metaspace       used 39895K, committed 40448K, reserved 1114112K
  class space    used 5744K, committed 6016K, reserved 1048576K

Heap Regions: E=young(eden), S=young(survivor), O=old, HS=humongous(starts), HC=humongous(continues), CS=collection set, F=free, OA=open archive, CA=closed archive, TAMS=top-at-mark-start (previous, next)
|   0|0x00000000c5800000, 0x00000000c5900000, 0x00000000c5900000|100%|HS|  |TAMS 0x00000000c5900000, 0x00000000c5800000| Complete 
|   1|0x00000000c5900000, 0x00000000c5a00000, 0x00000000c5a00000|100%| O|  |TAMS 0x00000000c5a00000, 0x00000000c5900000| Untracked 
|   2|0x00000000c5a00000, 0x00000000c5b00000, 0x00000000c5b00000|100%| O|  |TAMS 0x00000000c5b00000, 0x00000000c5a00000| Untracked 
|   3|0x00000000c5b00000, 0x00000000c5c00000, 0x00000000c5c00000|100%| O|  |TAMS 0x00000000c5c00000, 0x00000000c5b00000| Untracked 
|   4|0x00000000c5c00000, 0x00000000c5d00000, 0x00000000c5d00000|100%| O|  |TAMS 0x00000000c5d00000, 0x00000000c5c00000| Untracked 
|   5|0x00000000c5d00000, 0x00000000c5e00000, 0x00000000c5e00000|100%| O|  |TAMS 0x00000000c5e00000, 0x00000000c5d00000| Untracked 
|   6|0x00000000c5e00000, 0x00000000c5f00000, 0x00000000c5f00000|100%| O|  |TAMS 0x00000000c5f00000, 0x00000000c5e00000| Untracked 
|   7|0x00000000c5f00000, 0x00000000c6000000, 0x00000000c6000000|100%| O|  |TAMS 0x00000000c6000000, 0x00000000c5f00000| Untracked 
|   8|0x00000000c6000000, 0x00000000c6100000, 0x00000000c6100000|100%| O|  |TAMS 0x00000000c6100000, 0x00000000c6000000| Untracked 
|   9|0x00000000c6100000, 0x00000000c6200000, 0x00000000c6200000|100%| O|  |TAMS 0x00000000c6200000, 0x00000000c6100000| Untracked 
|  10|0x00000000c6200000, 0x00000000c6300000, 0x00000000c6300000|100%| O|  |TAMS 0x00000000c6300000, 0x00000000c6200000| Untracked 
|  11|0x00000000c6300000, 0x00000000c6400000, 0x00000000c6400000|100%| O|  |TAMS 0x00000000c6400000, 0x00000000c6300000| Complete 
|  12|0x00000000c6400000, 0x00000000c6500000, 0x00000000c6500000|100%| O|  |TAMS 0x00000000c6500000, 0x00000000c6400000| Untracked 
|  13|0x00000000c6500000, 0x00000000c6600000, 0x00000000c6600000|100%| O|  |TAMS 0x00000000c6600000, 0x00000000c6500000| Untracked 
|  14|0x00000000c6600000, 0x00000000c6700000, 0x00000000c6700000|100%| O|  |TAMS 0x00000000c6700000, 0x00000000c6600000| Untracked 
|  15|0x00000000c6700000, 0x00000000c6800000, 0x00000000c6800000|100%| O|  |TAMS 0x00000000c6800000, 0x00000000c6700000| Untracked 
|  16|0x00000000c6800000, 0x00000000c6900000, 0x00000000c6900000|100%| O|  |TAMS 0x00000000c6900000, 0x00000000c6800000| Untracked 
|  17|0x00000000c6900000, 0x00000000c6a00000, 0x00000000c6a00000|100%| O|  |TAMS 0x00000000c6a00000, 0x00000000c6900000| Untracked 
|  18|0x00000000c6a00000, 0x00000000c6b00000, 0x00000000c6b00000|100%| O|  |TAMS 0x00000000c6b00000, 0x00000000c6a00000| Untracked 
|  19|0x00000000c6b00000, 0x00000000c6c00000, 0x00000000c6c00000|100%| O|  |TAMS 0x00000000c6c00000, 0x00000000c6b00000| Untracked 
|  20|0x00000000c6c00000, 0x00000000c6d00000, 0x00000000c6d00000|100%| O|  |TAMS 0x00000000c6d00000, 0x00000000c6c00000| Untracked 
|  21|0x00000000c6d00000, 0x00000000c6e00000, 0x00000000c6e00000|100%| O|  |TAMS 0x00000000c6e00000, 0x00000000c6d00000| Untracked 
|  22|0x00000000c6e00000, 0x00000000c6f00000, 0x00000000c6f00000|100%| O|  |TAMS 0x00000000c6f00000, 0x00000000c6e00000| Untracked 
|  23|0x00000000c6f00000, 0x00000000c7000000, 0x00000000c7000000|100%| O|  |TAMS 0x00000000c7000000, 0x00000000c6f00000| Untracked 
|  24|0x00000000c7000000, 0x00000000c7100000, 0x00000000c7100000|100%| O|  |TAMS 0x00000000c7023200, 0x00000000c7000000| Untracked 
|  25|0x00000000c7100000, 0x00000000c7200000, 0x00000000c7200000|100%| O|  |TAMS 0x00000000c7100000, 0x00000000c7100000| Untracked 
|  26|0x00000000c7200000, 0x00000000c72ab800, 0x00000000c7300000| 66%| O|  |TAMS 0x00000000c7200000, 0x00000000c7200000| Untracked 
|  27|0x00000000c7300000, 0x00000000c7300000, 0x00000000c7400000|  0%| F|  |TAMS 0x00000000c7300000, 0x00000000c7300000| Untracked 
|  28|0x00000000c7400000, 0x00000000c7400000, 0x00000000c7500000|  0%| F|  |TAMS 0x00000000c7400000, 0x00000000c7400000| Untracked 
|  29|0x00000000c7500000, 0x00000000c7500000, 0x00000000c7600000|  0%| F|  |TAMS 0x00000000c7500000, 0x00000000c7500000| Untracked 
|  30|0x00000000c7600000, 0x00000000c7600000, 0x00000000c7700000|  0%| F|  |TAMS 0x00000000c7600000, 0x00000000c7600000| Untracked 
|  31|0x00000000c7700000, 0x00000000c7700000, 0x00000000c7800000|  0%| F|  |TAMS 0x00000000c7700000, 0x00000000c7700000| Untracked 
|  32|0x00000000c7800000, 0x00000000c7800000, 0x00000000c7900000|  0%| F|  |TAMS 0x00000000c7800000, 0x00000000c7800000| Untracked 
|  33|0x00000000c7900000, 0x00000000c7900000, 0x00000000c7a00000|  0%| F|  |TAMS 0x00000000c7900000, 0x00000000c7900000| Untracked 
|  34|0x00000000c7a00000, 0x00000000c7a00000, 0x00000000c7b00000|  0%| F|  |TAMS 0x00000000c7a00000, 0x00000000c7a00000| Untracked 
|  35|0x00000000c7b00000, 0x00000000c7b00000, 0x00000000c7c00000|  0%| F|  |TAMS 0x00000000c7b00000, 0x00000000c7b00000| Untracked 
|  36|0x00000000c7c00000, 0x00000000c7c00000, 0x00000000c7d00000|  0%| F|  |TAMS 0x00000000c7c00000, 0x00000000c7c00000| Untracked 
|  37|0x00000000c7d00000, 0x00000000c7d00000, 0x00000000c7e00000|  0%| F|  |TAMS 0x00000000c7d00000, 0x00000000c7d00000| Untracked 
|  38|0x00000000c7e00000, 0x00000000c7e00000, 0x00000000c7f00000|  0%| F|  |TAMS 0x00000000c7e00000, 0x00000000c7e00000| Untracked 
|  39|0x00000000c7f00000, 0x00000000c7f00000, 0x00000000c8000000|  0%| F|  |TAMS 0x00000000c7f00000, 0x00000000c7f00000| Untracked 
|  40|0x00000000c8000000, 0x00000000c8000000, 0x00000000c8100000|  0%| F|  |TAMS 0x00000000c8000000, 0x00000000c8000000| Untracked 
|  41|0x00000000c8100000, 0x00000000c8100000, 0x00000000c8200000|  0%| F|  |TAMS 0x00000000c8100000, 0x00000000c8100000| Untracked 
|  42|0x00000000c8200000, 0x00000000c8279180, 0x00000000c8300000| 47%| S|CS|TAMS 0x00000000c8200000, 0x00000000c8200000| Complete 
|  43|0x00000000c8300000, 0x00000000c8400000, 0x00000000c8400000|100%| S|CS|TAMS 0x00000000c8300000, 0x00000000c8300000| Complete 
|  44|0x00000000c8400000, 0x00000000c8500000, 0x00000000c8500000|100%| S|CS|TAMS 0x00000000c8400000, 0x00000000c8400000| Complete 
|  45|0x00000000c8500000, 0x00000000c8600000, 0x00000000c8600000|100%| S|CS|TAMS 0x00000000c8500000, 0x00000000c8500000| Complete 
|  46|0x00000000c8600000, 0x00000000c8600000, 0x00000000c8700000|  0%| F|  |TAMS 0x00000000c8600000, 0x00000000c8600000| Untracked 
|  47|0x00000000c8700000, 0x00000000c8700000, 0x00000000c8800000|  0%| F|  |TAMS 0x00000000c8700000, 0x00000000c8700000| Untracked 
|  48|0x00000000c8800000, 0x00000000c8800000, 0x00000000c8900000|  0%| F|  |TAMS 0x00000000c8800000, 0x00000000c8800000| Untracked 
|  49|0x00000000c8900000, 0x00000000c8900000, 0x00000000c8a00000|  0%| F|  |TAMS 0x00000000c8900000, 0x00000000c8900000| Untracked 
|  50|0x00000000c8a00000, 0x00000000c8a00000, 0x00000000c8b00000|  0%| F|  |TAMS 0x00000000c8a00000, 0x00000000c8a00000| Untracked 
|  51|0x00000000c8b00000, 0x00000000c8b00000, 0x00000000c8c00000|  0%| F|  |TAMS 0x00000000c8b00000, 0x00000000c8b00000| Untracked 
|  52|0x00000000c8c00000, 0x00000000c8c00000, 0x00000000c8d00000|  0%| F|  |TAMS 0x00000000c8c00000, 0x00000000c8c00000| Untracked 
|  53|0x00000000c8d00000, 0x00000000c8d00000, 0x00000000c8e00000|  0%| F|  |TAMS 0x00000000c8d00000, 0x00000000c8d00000| Untracked 
|  54|0x00000000c8e00000, 0x00000000c8e00000, 0x00000000c8f00000|  0%| F|  |TAMS 0x00000000c8e00000, 0x00000000c8e00000| Untracked 
|  55|0x00000000c8f00000, 0x00000000c8f00000, 0x00000000c9000000|  0%| F|  |TAMS 0x00000000c8f00000, 0x00000000c8f00000| Untracked 
|  56|0x00000000c9000000, 0x00000000c9000000, 0x00000000c9100000|  0%| F|  |TAMS 0x00000000c9000000, 0x00000000c9000000| Untracked 
|  57|0x00000000c9100000, 0x00000000c9100000, 0x00000000c9200000|  0%| F|  |TAMS 0x00000000c9100000, 0x00000000c9100000| Untracked 
|  58|0x00000000c9200000, 0x00000000c9200000, 0x00000000c9300000|  0%| F|  |TAMS 0x00000000c9200000, 0x00000000c9200000| Untracked 
|  59|0x00000000c9300000, 0x00000000c9300000, 0x00000000c9400000|  0%| F|  |TAMS 0x00000000c9300000, 0x00000000c9300000| Untracked 
|  60|0x00000000c9400000, 0x00000000c9400000, 0x00000000c9500000|  0%| F|  |TAMS 0x00000000c9400000, 0x00000000c9400000| Untracked 
|  61|0x00000000c9500000, 0x00000000c9500000, 0x00000000c9600000|  0%| F|  |TAMS 0x00000000c9500000, 0x00000000c9500000| Untracked 
|  62|0x00000000c9600000, 0x00000000c9600000, 0x00000000c9700000|  0%| F|  |TAMS 0x00000000c9600000, 0x00000000c9600000| Untracked 
|  63|0x00000000c9700000, 0x00000000c9700000, 0x00000000c9800000|  0%| F|  |TAMS 0x00000000c9700000, 0x00000000c9700000| Untracked 
|  64|0x00000000c9800000, 0x00000000c9800000, 0x00000000c9900000|  0%| F|  |TAMS 0x00000000c9800000, 0x00000000c9800000| Untracked 
|  65|0x00000000c9900000, 0x00000000c9900000, 0x00000000c9a00000|  0%| F|  |TAMS 0x00000000c9900000, 0x00000000c9900000| Untracked 
|  66|0x00000000c9a00000, 0x00000000c9a00000, 0x00000000c9b00000|  0%| F|  |TAMS 0x00000000c9a00000, 0x00000000c9a00000| Untracked 
|  67|0x00000000c9b00000, 0x00000000c9b00000, 0x00000000c9c00000|  0%| F|  |TAMS 0x00000000c9b00000, 0x00000000c9b00000| Untracked 
|  68|0x00000000c9c00000, 0x00000000c9c00000, 0x00000000c9d00000|  0%| F|  |TAMS 0x00000000c9c00000, 0x00000000c9c00000| Untracked 
|  69|0x00000000c9d00000, 0x00000000c9d00000, 0x00000000c9e00000|  0%| F|  |TAMS 0x00000000c9d00000, 0x00000000c9d00000| Untracked 
|  70|0x00000000c9e00000, 0x00000000c9e00000, 0x00000000c9f00000|  0%| F|  |TAMS 0x00000000c9e00000, 0x00000000c9e00000| Untracked 
|  71|0x00000000c9f00000, 0x00000000c9f00000, 0x00000000ca000000|  0%| F|  |TAMS 0x00000000c9f00000, 0x00000000c9f00000| Untracked 

Card table byte_map: [0x000001d3fda50000,0x000001d3fdc30000] _byte_map_base: 0x000001d3fd424000

Marking Bits (Prev, Next): (CMBitMap*) 0x000001d3f2a112b0, (CMBitMap*) 0x000001d3f2a112f0
 Prev Bits: [0x000001d3fde10000, 0x000001d3fecb0000)
 Next Bits: [0x000001d3fecb0000, 0x000001d3ffb50000)

Polling page: 0x000001d3f0930000

Metaspace:

Usage:
  Non-class:     33.35 MB used.
      Class:      5.61 MB used.
       Both:     38.96 MB used.

Virtual space:
  Non-class space:       64.00 MB reserved,      33.62 MB ( 53%) committed,  1 nodes.
      Class space:        1.00 GB reserved,       5.88 MB ( <1%) committed,  1 nodes.
             Both:        1.06 GB reserved,      39.50 MB (  4%) committed. 

Chunk freelists:
   Non-Class:  13.65 MB
       Class:  10.10 MB
        Both:  23.75 MB

MaxMetaspaceSize: unlimited
CompressedClassSpaceSize: 1.00 GB
Initial GC threshold: 21.00 MB
Current GC threshold: 58.75 MB
CDS: on
MetaspaceReclaimPolicy: balanced
 - commit_granule_bytes: 65536.
 - commit_granule_words: 8192.
 - virtual_space_node_default_size: 8388608.
 - enlarge_chunks_in_place: 1.
 - new_chunks_are_fully_committed: 0.
 - uncommit_free_chunks: 1.
 - use_allocation_guard: 0.
 - handle_deallocations: 1.


Internal statistics:

num_allocs_failed_limit: 8.
num_arena_births: 668.
num_arena_deaths: 0.
num_vsnodes_births: 2.
num_vsnodes_deaths: 0.
num_space_committed: 632.
num_space_uncommitted: 0.
num_chunks_returned_to_freelist: 8.
num_chunks_taken_from_freelist: 2146.
num_chunk_merges: 8.
num_chunk_splits: 1476.
num_chunks_enlarged: 1106.
num_inconsistent_stats: 0.

CodeCache: size=49152Kb used=9057Kb max_used=9200Kb free=40095Kb
 bounds [0x000001d3fa530000, 0x000001d3faea0000, 0x000001d3fd530000]
 total_blobs=5686 nmethods=5123 adapters=489
 compilation: enabled
              stopped_count=0, restarted_count=0
 full_count=0

Compilation events (20 events):
Event: 480.535 Thread 0x000001d3827da300 5127       1       com.netflix.appinfo.InstanceInfo::getId (63 bytes)
Event: 480.539 Thread 0x000001d3827da300 nmethod 5127 0x000001d3fad1d590 code [0x000001d3fad1d760, 0x000001d3fad1d9e8]
Event: 480.539 Thread 0x000001d3827da300 5128       1       com.fasterxml.jackson.core.json.UTF8StreamJsonParser::_parseUnsignedNumber (184 bytes)
Event: 480.546 Thread 0x000001d3827da300 nmethod 5128 0x000001d3fad1cd90 code [0x000001d3fad1cfa0, 0x000001d3fad1d318]
Event: 480.546 Thread 0x000001d3827da300 5129       1       com.fasterxml.jackson.core.JsonStreamContext::inRoot (13 bytes)
Event: 480.546 Thread 0x000001d3827da300 nmethod 5129 0x000001d3fad1ca90 code [0x000001d3fad1cc20, 0x000001d3fad1ccf8]
Event: 480.546 Thread 0x000001d3827da300 5130       1       com.fasterxml.jackson.core.base.ParserBase::resetInt (47 bytes)
Event: 480.548 Thread 0x000001d3827da300 nmethod 5130 0x000001d3fad1c690 code [0x000001d3fad1c840, 0x000001d3fad1c9a8]
Event: 480.548 Thread 0x000001d3827da300 5131       1       jdk.internal.reflect.AccessorGenerator::add (5 bytes)
Event: 480.548 Thread 0x000001d3827da300 nmethod 5131 0x000001d3fad1c390 code [0x000001d3fad1c520, 0x000001d3fad1c5d8]
Event: 480.550 Thread 0x000001d3827da300 5132       1       java.util.concurrent.ConcurrentLinkedQueue::<init> (21 bytes)
Event: 480.552 Thread 0x000001d3827da300 nmethod 5132 0x000001d3fad1bf90 code [0x000001d3fad1c120, 0x000001d3fad1c2f8]
Event: 480.552 Thread 0x000001d3827da300 5133       1       java.util.concurrent.ConcurrentLinkedQueue$Node::<init> (5 bytes)
Event: 480.552 Thread 0x000001d3827da300 nmethod 5133 0x000001d3fad1bc90 code [0x000001d3fad1be20, 0x000001d3fad1bed8]
Event: 480.552 Thread 0x000001d3827da300 5134       1       org.springframework.http.support.HttpComponentsHeadersAdapter$HeaderEntry::getKey (5 bytes)
Event: 480.552 Thread 0x000001d3827da300 nmethod 5134 0x000001d3fad1b990 code [0x000001d3fad1bb20, 0x000001d3fad1bbf8]
Event: 480.556 Thread 0x000001d3827da300 5135       1       java.util.concurrent.ScheduledThreadPoolExecutor::triggerTime (22 bytes)
Event: 480.556 Thread 0x000001d3827da300 nmethod 5135 0x000001d3fad1b610 code [0x000001d3fad1b7c0, 0x000001d3fad1b8e8]
Event: 494.750 Thread 0x000001d3827da300 5136       1       java.util.concurrent.ConcurrentHashMap::size (31 bytes)
Event: 494.904 Thread 0x000001d3827da300 nmethod 5136 0x000001d3fad1b290 code [0x000001d3fad1b440, 0x000001d3fad1b5a8]

GC Heap History (20 events):
Event: 3.562 GC heap after
{Heap after GC invocations=3 (full 0):
 garbage-first heap   total 61440K, used 18747K [0x00000000c5800000, 0x0000000100000000)
  region size 1024K, 2 young (2048K), 2 survivors (2048K)
 Metaspace       used 10792K, committed 11136K, reserved 1114112K
  class space    used 1519K, committed 1664K, reserved 1048576K
}
Event: 4.077 GC heap before
{Heap before GC invocations=3 (full 0):
 garbage-first heap   total 61440K, used 37179K [0x00000000c5800000, 0x0000000100000000)
  region size 1024K, 20 young (20480K), 2 survivors (2048K)
 Metaspace       used 14420K, committed 14720K, reserved 1114112K
  class space    used 2125K, committed 2304K, reserved 1048576K
}
Event: 4.083 GC heap after
{Heap after GC invocations=4 (full 0):
 garbage-first heap   total 61440K, used 19835K [0x00000000c5800000, 0x0000000100000000)
  region size 1024K, 3 young (3072K), 3 survivors (3072K)
 Metaspace       used 14420K, committed 14720K, reserved 1114112K
  class space    used 2125K, committed 2304K, reserved 1048576K
}
Event: 4.582 GC heap before
{Heap before GC invocations=4 (full 0):
 garbage-first heap   total 61440K, used 38267K [0x00000000c5800000, 0x0000000100000000)
  region size 1024K, 22 young (22528K), 3 survivors (3072K)
 Metaspace       used 17737K, committed 18112K, reserved 1114112K
  class space    used 2457K, committed 2624K, reserved 1048576K
}
Event: 4.590 GC heap after
{Heap after GC invocations=5 (full 0):
 garbage-first heap   total 61440K, used 21616K [0x00000000c5800000, 0x0000000100000000)
  region size 1024K, 3 young (3072K), 3 survivors (3072K)
 Metaspace       used 17737K, committed 18112K, reserved 1114112K
  class space    used 2457K, committed 2624K, reserved 1048576K
}
Event: 5.161 GC heap before
{Heap before GC invocations=5 (full 0):
 garbage-first heap   total 61440K, used 40048K [0x00000000c5800000, 0x0000000100000000)
  region size 1024K, 22 young (22528K), 3 survivors (3072K)
 Metaspace       used 20395K, committed 20736K, reserved 1114112K
  class space    used 2843K, committed 3008K, reserved 1048576K
}
Event: 5.172 GC heap after
{Heap after GC invocations=6 (full 0):
 garbage-first heap   total 61440K, used 23515K [0x00000000c5800000, 0x0000000100000000)
  region size 1024K, 2 young (2048K), 2 survivors (2048K)
 Metaspace       used 20395K, committed 20736K, reserved 1114112K
  class space    used 2843K, committed 3008K, reserved 1048576K
}
Event: 5.397 GC heap before
{Heap before GC invocations=6 (full 0):
 garbage-first heap   total 61440K, used 28635K [0x00000000c5800000, 0x0000000100000000)
  region size 1024K, 8 young (8192K), 2 survivors (2048K)
 Metaspace       used 21148K, committed 21504K, reserved 1114112K
  class space    used 2961K, committed 3136K, reserved 1048576K
}
Event: 5.421 GC heap after
{Heap after GC invocations=7 (full 0):
 garbage-first heap   total 73728K, used 24012K [0x00000000c5800000, 0x0000000100000000)
  region size 1024K, 3 young (3072K), 3 survivors (3072K)
 Metaspace       used 21148K, committed 21504K, reserved 1114112K
  class space    used 2961K, committed 3136K, reserved 1048576K
}
Event: 6.798 GC heap before
{Heap before GC invocations=8 (full 0):
 garbage-first heap   total 73728K, used 47405K [0x00000000c5800000, 0x0000000100000000)
  region size 1024K, 29 young (29696K), 3 survivors (3072K)
 Metaspace       used 24598K, committed 24960K, reserved 1114112K
  class space    used 3530K, committed 3712K, reserved 1048576K
}
Event: 6.807 GC heap after
{Heap after GC invocations=9 (full 0):
 garbage-first heap   total 73728K, used 22984K [0x00000000c5800000, 0x0000000100000000)
  region size 1024K, 3 young (3072K), 3 survivors (3072K)
 Metaspace       used 24598K, committed 24960K, reserved 1114112K
  class space    used 3530K, committed 3712K, reserved 1048576K
}
Event: 6.862 GC heap before
{Heap before GC invocations=9 (full 0):
 garbage-first heap   total 73728K, used 24008K [0x00000000c5800000, 0x0000000100000000)
  region size 1024K, 4 young (4096K), 3 survivors (3072K)
 Metaspace       used 24779K, committed 25152K, reserved 1114112K
  class space    used 3553K, committed 3712K, reserved 1048576K
}
Event: 6.876 GC heap after
{Heap after GC invocations=10 (full 0):
 garbage-first heap   total 73728K, used 22531K [0x00000000c5800000, 0x0000000100000000)
  region size 1024K, 1 young (1024K), 1 survivors (1024K)
 Metaspace       used 24779K, committed 25152K, reserved 1114112K
  class space    used 3553K, committed 3712K, reserved 1048576K
}
Event: 8.694 GC heap before
{Heap before GC invocations=10 (full 0):
 garbage-first heap   total 73728K, used 52227K [0x00000000c5800000, 0x0000000100000000)
  region size 1024K, 30 young (30720K), 1 survivors (1024K)
 Metaspace       used 30023K, committed 30528K, reserved 1114112K
  class space    used 4206K, committed 4480K, reserved 1048576K
}
Event: 8.699 GC heap after
{Heap after GC invocations=11 (full 0):
 garbage-first heap   total 73728K, used 24894K [0x00000000c5800000, 0x0000000100000000)
  region size 1024K, 3 young (3072K), 3 survivors (3072K)
 Metaspace       used 30023K, committed 30528K, reserved 1114112K
  class space    used 4206K, committed 4480K, reserved 1048576K
}
Event: 12.425 GC heap before
{Heap before GC invocations=11 (full 0):
 garbage-first heap   total 73728K, used 53566K [0x00000000c5800000, 0x0000000100000000)
  region size 1024K, 31 young (31744K), 3 survivors (3072K)
 Metaspace       used 35131K, committed 35712K, reserved 1114112K
  class space    used 5029K, committed 5312K, reserved 1048576K
}
Event: 12.530 GC heap after
{Heap after GC invocations=12 (full 0):
 garbage-first heap   total 73728K, used 27334K [0x00000000c5800000, 0x0000000100000000)
  region size 1024K, 3 young (3072K), 3 survivors (3072K)
 Metaspace       used 35131K, committed 35712K, reserved 1114112K
  class space    used 5029K, committed 5312K, reserved 1048576K
}
Event: 12.677 GC heap before
{Heap before GC invocations=12 (full 0):
 garbage-first heap   total 73728K, used 32454K [0x00000000c5800000, 0x0000000100000000)
  region size 1024K, 10 young (10240K), 3 survivors (3072K)
 Metaspace       used 35475K, committed 35968K, reserved 1114112K
  class space    used 5077K, committed 5312K, reserved 1048576K
}
Event: 12.683 GC heap after
{Heap after GC invocations=13 (full 0):
 garbage-first heap   total 73728K, used 29287K [0x00000000c5800000, 0x0000000100000000)
  region size 1024K, 2 young (2048K), 2 survivors (2048K)
 Metaspace       used 35475K, committed 35968K, reserved 1114112K
  class space    used 5077K, committed 5312K, reserved 1048576K
}
Event: 510.647 GC heap before
{Heap before GC invocations=14 (full 0):
 garbage-first heap   total 73728K, used 53863K [0x00000000c5800000, 0x0000000100000000)
  region size 1024K, 26 young (26624K), 2 survivors (2048K)
 Metaspace       used 39895K, committed 40448K, reserved 1114112K
  class space    used 5744K, committed 6016K, reserved 1048576K
}

Dll operation events (13 events):
Event: 0.089 Loaded shared library C:\Program Files\Eclipse Adoptium\jdk-17.0.18.8-hotspot\bin\java.dll
Event: 0.217 Loaded shared library C:\Program Files\Eclipse Adoptium\jdk-17.0.18.8-hotspot\bin\jsvml.dll
Event: 0.647 Loaded shared library C:\Program Files\Eclipse Adoptium\jdk-17.0.18.8-hotspot\bin\zip.dll
Event: 0.654 Loaded shared library C:\Program Files\Eclipse Adoptium\jdk-17.0.18.8-hotspot\bin\instrument.dll
Event: 0.675 Loaded shared library C:\Program Files\Eclipse Adoptium\jdk-17.0.18.8-hotspot\bin\net.dll
Event: 0.680 Loaded shared library C:\Program Files\Eclipse Adoptium\jdk-17.0.18.8-hotspot\bin\nio.dll
Event: 0.686 Loaded shared library C:\Program Files\Eclipse Adoptium\jdk-17.0.18.8-hotspot\bin\zip.dll
Event: 0.997 Loaded shared library C:\Program Files\Eclipse Adoptium\jdk-17.0.18.8-hotspot\bin\extnet.dll
Event: 1.082 Loaded shared library C:\Program Files\Eclipse Adoptium\jdk-17.0.18.8-hotspot\bin\jimage.dll
Event: 5.354 Loaded shared library C:\Program Files\Eclipse Adoptium\jdk-17.0.18.8-hotspot\bin\sunmscapi.dll
Event: 7.428 Loaded shared library C:\Program Files\Eclipse Adoptium\jdk-17.0.18.8-hotspot\bin\management.dll
Event: 7.459 Loaded shared library C:\Program Files\Eclipse Adoptium\jdk-17.0.18.8-hotspot\bin\management_ext.dll
Event: 12.916 Loaded shared library C:\Program Files\Eclipse Adoptium\jdk-17.0.18.8-hotspot\bin\verify.dll

Deoptimization events (6 events):
Event: 7.962 Thread 0x000001d3f29d5cd0 DEOPT PACKING pc=0x000001d3fa89be19 sp=0x000000614cffe9c0
Event: 7.962 Thread 0x000001d3f29d5cd0 DEOPT UNPACKING pc=0x000001d3fa587143 sp=0x000000614cffde60 mode 3
Event: 7.963 Thread 0x000001d3c9134040 DEOPT PACKING pc=0x000001d3fa9166af sp=0x000000614eaff050
Event: 7.963 Thread 0x000001d3c9134040 DEOPT UNPACKING pc=0x000001d3fa587143 sp=0x000000614eafe4b8 mode 3
Event: 10.910 Thread 0x000001d3f29d5cd0 DEOPT PACKING pc=0x000001d3fac5efdc sp=0x000000614cffd010
Event: 10.912 Thread 0x000001d3f29d5cd0 DEOPT UNPACKING pc=0x000001d3fa587143 sp=0x000000614cffc4c8 mode 0

Classes loaded (20 events):
Event: 13.581 Loading class sun/nio/ch/SinkChannelImpl
Event: 13.581 Loading class java/nio/channels/Pipe$SinkChannel
Event: 13.581 Loading class java/nio/channels/Pipe$SinkChannel done
Event: 13.581 Loading class sun/nio/ch/SinkChannelImpl done
Event: 13.583 Loading class java/nio/channels/spi/AbstractSelector$1
Event: 13.583 Loading class java/nio/channels/spi/AbstractSelector$1 done
Event: 13.586 Loading class java/util/TreeMap$ValueSpliterator
Event: 13.586 Loading class java/util/TreeMap$TreeMapSpliterator
Event: 13.586 Loading class java/util/TreeMap$TreeMapSpliterator done
Event: 13.586 Loading class java/util/TreeMap$ValueSpliterator done
Event: 13.663 Loading class jdk/internal/math/FDBigInteger
Event: 13.666 Loading class jdk/internal/math/FDBigInteger done
Event: 13.675 Loading class java/util/IdentityHashMap$KeySpliterator
Event: 13.676 Loading class java/util/IdentityHashMap$IdentityHashMapSpliterator
Event: 13.676 Loading class java/util/IdentityHashMap$IdentityHashMapSpliterator done
Event: 13.676 Loading class java/util/IdentityHashMap$KeySpliterator done
Event: 22.093 Loading class java/util/concurrent/ConcurrentLinkedQueue$Itr
Event: 22.098 Loading class java/util/concurrent/ConcurrentLinkedQueue$Itr done
Event: 64.262 Loading class sun/net/ConnectionResetException
Event: 64.276 Loading class sun/net/ConnectionResetException done

Classes unloaded (0 events):
No events

Classes redefined (0 events):
No events

Internal exceptions (20 events):
Event: 8.479 Thread 0x000001d3f29d5cd0 Exception <a 'java/lang/NoSuchMethodError'{0x00000000c86e0360}: 'java.lang.Object java.lang.invoke.DelegatingMethodHandle$Holder.delegate(java.lang.Object, int, java.lang.Object, java.lang.Object)'> (0x00000000c86e0360) 
thrown [s\src\hotspot\share\interpreter\linkResolver.cpp, line 759]
Event: 8.481 Thread 0x000001d3f29d5cd0 Exception <a 'java/lang/NoSuchMethodError'{0x00000000c86f1470}: 'int java.lang.invoke.Invokers$Holder.linkToTargetMethod(java.lang.Object, java.lang.Object, java.lang.Object)'> (0x00000000c86f1470) 
thrown [s\src\hotspot\share\interpreter\linkResolver.cpp, line 759]
Event: 8.537 Thread 0x000001d3f29d5cd0 Exception <a 'java/lang/NoSuchMethodError'{0x00000000c84093c0}: 'java.lang.Object java.lang.invoke.DirectMethodHandle$Holder.invokeStatic(java.lang.Object, java.lang.Object, int, java.lang.Object)'> (0x00000000c84093c0) 
thrown [s\src\hotspot\share\interpreter\linkResolver.cpp, line 759]
Event: 8.538 Thread 0x000001d3f29d5cd0 Exception <a 'java/lang/NoSuchMethodError'{0x00000000c8410230}: 'java.lang.Object java.lang.invoke.DirectMethodHandle$Holder.newInvokeSpecial(java.lang.Object, java.lang.Object, int)'> (0x00000000c8410230) 
thrown [s\src\hotspot\share\interpreter\linkResolver.cpp, line 759]
Event: 8.802 Thread 0x000001d3f29d5cd0 Exception <a 'java/lang/IncompatibleClassChangeError'{0x00000000c9e71710}: Found class java.lang.Object, but interface was expected> (0x00000000c9e71710) 
thrown [s\src\hotspot\share\interpreter\linkResolver.cpp, line 826]
Event: 9.347 Thread 0x000001d3f29d5cd0 Exception <a 'java/lang/NoSuchMethodError'{0x00000000c9952718}: 'int java.lang.invoke.DirectMethodHandle$Holder.invokeStatic(java.lang.Object)'> (0x00000000c9952718) 
thrown [s\src\hotspot\share\interpreter\linkResolver.cpp, line 759]
Event: 9.347 Thread 0x000001d3f29d5cd0 Exception <a 'java/lang/NoSuchMethodError'{0x00000000c9955dc0}: 'int java.lang.invoke.DirectMethodHandle$Holder.invokeStaticInit(java.lang.Object)'> (0x00000000c9955dc0) 
thrown [s\src\hotspot\share\interpreter\linkResolver.cpp, line 759]
Event: 9.855 Thread 0x000001d3f29d5cd0 Exception <a 'java/lang/NoSuchMethodError'{0x00000000c95c55a0}: 'int java.lang.invoke.DirectMethodHandle$Holder.invokeStaticInit(java.lang.Object, java.lang.Object, java.lang.Object, java.lang.Object)'> (0x00000000c95c55a0) 
thrown [s\src\hotspot\share\interpreter\linkResolver.cpp, line 759]
Event: 11.864 Thread 0x000001d3f29d5cd0 Exception <a 'java/lang/IncompatibleClassChangeError'{0x00000000c8cac210}: Found class java.lang.Object, but interface was expected> (0x00000000c8cac210) 
thrown [s\src\hotspot\share\interpreter\linkResolver.cpp, line 826]
Event: 11.982 Thread 0x000001d3f29d5cd0 Exception <a 'java/lang/NoSuchMethodError'{0x00000000c8907580}: 'java.lang.Object java.lang.invoke.DirectMethodHandle$Holder.newInvokeSpecial(java.lang.Object, java.lang.Object, int, java.lang.Object, java.lang.Object)'> (0x00000000c8907580) 
thrown [s\src\hotspot\share\interpreter\linkResolver.cpp, line 759]
Event: 12.083 Thread 0x000001d3f29d5cd0 Exception <a 'java/lang/NoSuchMethodError'{0x00000000c88919a8}: 'double java.lang.invoke.DirectMethodHandle$Holder.invokeVirtual(java.lang.Object, java.lang.Object)'> (0x00000000c88919a8) 
thrown [s\src\hotspot\share\interpreter\linkResolver.cpp, line 759]
Event: 12.200 Thread 0x000001d3f29d5cd0 Exception <a 'sun/nio/fs/WindowsException'{0x00000000c86d0768}> (0x00000000c86d0768) 
thrown [s\src\hotspot\share\prims\jni.cpp, line 516]
Event: 13.164 Thread 0x000001d3f29d5cd0 Exception <a 'java/lang/NoSuchMethodError'{0x00000000c9076de0}: 'java.lang.Object java.lang.invoke.DirectMethodHandle$Holder.invokeStatic(java.lang.Object, int, java.lang.Object)'> (0x00000000c9076de0) 
thrown [s\src\hotspot\share\interpreter\linkResolver.cpp, line 759]
Event: 13.176 Thread 0x000001d3f29d5cd0 Exception <a 'java/lang/NoSuchMethodError'{0x00000000c90ac3e0}: 'int java.lang.invoke.DirectMethodHandle$Holder.invokeStatic(java.lang.Object, java.lang.Object, int)'> (0x00000000c90ac3e0) 
thrown [s\src\hotspot\share\interpreter\linkResolver.cpp, line 759]
Event: 13.459 Thread 0x000001d3f29d5cd0 Exception <a 'java/lang/NoSuchMethodError'{0x00000000c90f7e98}: 'java.lang.Object java.lang.invoke.DirectMethodHandle$Holder.invokeStatic(java.lang.Object, int, int)'> (0x00000000c90f7e98) 
thrown [s\src\hotspot\share\interpreter\linkResolver.cpp, line 759]
Event: 64.281 Thread 0x000001d3c80681e0 Exception <a 'sun/net/ConnectionResetException'{0x00000000c877af78}: Connection reset> (0x00000000c877af78) 
thrown [s\src\hotspot\share\prims\jni.cpp, line 535]
Event: 312.654 Thread 0x000001d3c968f1a0 Exception <a 'java/io/IOException'{0x00000000c863f8e8}> (0x00000000c863f8e8) 
thrown [s\src\hotspot\share\prims\jni.cpp, line 516]
Event: 358.810 Thread 0x000001d3c968ec90 Exception <a 'java/io/IOException'{0x00000000c868c230}> (0x00000000c868c230) 
thrown [s\src\hotspot\share\prims\jni.cpp, line 516]
Event: 358.811 Thread 0x000001d3c968ec90 Exception <a 'java/io/IOException'{0x00000000c868dd40}> (0x00000000c868dd40) 
thrown [s\src\hotspot\share\prims\jni.cpp, line 516]
Event: 358.994 Thread 0x000001d3c968ec90 Exception <a 'java/io/IOException'{0x00000000c86c3d88}> (0x00000000c86c3d88) 
thrown [s\src\hotspot\share\prims\jni.cpp, line 516]

VM Operations (20 events):
Event: 263.557 Executing VM operation: Cleanup done
Event: 267.602 Executing VM operation: Cleanup
Event: 267.626 Executing VM operation: Cleanup done
Event: 297.868 Executing VM operation: Cleanup
Event: 297.879 Executing VM operation: Cleanup done
Event: 344.195 Executing VM operation: Cleanup
Event: 344.200 Executing VM operation: Cleanup done
Event: 354.285 Executing VM operation: Cleanup
Event: 354.290 Executing VM operation: Cleanup done
Event: 358.297 Executing VM operation: Cleanup
Event: 358.298 Executing VM operation: Cleanup done
Event: 359.306 Executing VM operation: Cleanup
Event: 359.307 Executing VM operation: Cleanup done
Event: 419.720 Executing VM operation: Cleanup
Event: 419.722 Executing VM operation: Cleanup done
Event: 449.938 Executing VM operation: Cleanup
Event: 449.940 Executing VM operation: Cleanup done
Event: 450.953 Executing VM operation: Cleanup
Event: 450.964 Executing VM operation: Cleanup done
Event: 510.563 Executing VM operation: G1CollectForAllocation

Memory protections (0 events):
No events

Nmethod flushes (0 events):
No events

Events (20 events):
Event: 13.539 Thread 0x000001d3f29d5cd0 Thread added: 0x000001d3c968d340
Event: 13.539 Thread 0x000001d3f29d5cd0 Thread added: 0x000001d3c968a0a0
Event: 13.539 Thread 0x000001d3f29d5cd0 Thread added: 0x000001d3c968aac0
Event: 13.539 Thread 0x000001d3f29d5cd0 Thread added: 0x000001d3c968c410
Event: 13.539 Thread 0x000001d3f29d5cd0 Thread added: 0x000001d3c968c920
Event: 13.539 Thread 0x000001d3f29d5cd0 Thread added: 0x000001d3c968dd60
Event: 13.539 Thread 0x000001d3f29d5cd0 Thread added: 0x000001d3c968a5b0
Event: 13.539 Thread 0x000001d3f29d5cd0 Thread added: 0x000001d3c968e270
Event: 13.583 Thread 0x000001d3f29d5cd0 Thread added: 0x000001d3c968e780
Event: 13.585 Thread 0x000001d3f29d5cd0 Thread added: 0x000001d3c968ce30
Event: 13.678 Thread 0x000001d3f29d5cd0 Thread exited: 0x000001d3f29d5cd0
Event: 13.679 Thread 0x000001d3c968afd0 Thread added: 0x000001d3c968afd0
Event: 18.689 Thread 0x000001d3c95d20f0 Thread exited: 0x000001d3c95d20f0
Event: 43.542 Thread 0x000001d3c90c1560 Thread added: 0x000001d3c968b9f0
Event: 43.544 Thread 0x000001d3c90c1a70 Thread added: 0x000001d3c968ec90
Event: 64.309 Thread 0x000001d3c80681e0 Thread exited: 0x000001d3c80681e0
Event: 72.168 Thread 0x000001d3827da300 Thread added: 0x000001d3c95d20f0
Event: 73.694 Thread 0x000001d3c8321030 Thread exited: 0x000001d3c8321030
Event: 78.059 Thread 0x000001d3c95d20f0 Thread exited: 0x000001d3c95d20f0
Event: 312.293 Thread 0x000001d3c90c0120 Thread added: 0x000001d3c968f1a0


Dynamic libraries:
0x00007ff7cd5c0000 - 0x00007ff7cd5ce000 	C:\Program Files\Eclipse Adoptium\jdk-17.0.18.8-hotspot\bin\java.exe
0x00007ff8491a0000 - 0x00007ff849407000 	C:\WINDOWS\SYSTEM32\ntdll.dll
0x00007ff847590000 - 0x00007ff84765a000 	C:\WINDOWS\System32\KERNEL32.DLL
0x00007ff8463b0000 - 0x00007ff8467b2000 	C:\WINDOWS\System32\KERNELBASE.dll
0x00007ff846aa0000 - 0x00007ff846bec000 	C:\WINDOWS\System32\ucrtbase.dll
0x00007ff829d40000 - 0x00007ff829d58000 	C:\Program Files\Eclipse Adoptium\jdk-17.0.18.8-hotspot\bin\jli.dll
0x00007ff82aea0000 - 0x00007ff82aebe000 	C:\Program Files\Eclipse Adoptium\jdk-17.0.18.8-hotspot\bin\VCRUNTIME140.dll
0x00007ff846f30000 - 0x00007ff8470ff000 	C:\WINDOWS\System32\USER32.dll
0x00007ff846880000 - 0x00007ff8468a7000 	C:\WINDOWS\System32\win32u.dll
0x00007ff8485d0000 - 0x00007ff8485fb000 	C:\WINDOWS\System32\GDI32.dll
0x00007ff8468b0000 - 0x00007ff8469d9000 	C:\WINDOWS\System32\gdi32full.dll
0x00007ff846c90000 - 0x00007ff846d33000 	C:\WINDOWS\System32\msvcp_win.dll
0x00007ff81d9e0000 - 0x00007ff81dc70000 	C:\WINDOWS\WinSxS\amd64_microsoft.windows.common-controls_6595b64144ccf1df_6.0.26100.9278_none_3e0d1ba8e3303201\COMCTL32.dll
0x00007ff848600000 - 0x00007ff8486a9000 	C:\WINDOWS\System32\msvcrt.dll
0x00007ff847230000 - 0x00007ff847261000 	C:\WINDOWS\System32\IMM32.DLL
0x00007ff829d30000 - 0x00007ff829d3c000 	C:\Program Files\Eclipse Adoptium\jdk-17.0.18.8-hotspot\bin\vcruntime140_1.dll
0x00007ff829c70000 - 0x00007ff829cfd000 	C:\Program Files\Eclipse Adoptium\jdk-17.0.18.8-hotspot\bin\msvcp140.dll
0x00007fffb8750000 - 0x00007fffb93bb000 	C:\Program Files\Eclipse Adoptium\jdk-17.0.18.8-hotspot\bin\server\jvm.dll
0x00007ff8484e0000 - 0x00007ff84859c000 	C:\WINDOWS\System32\ADVAPI32.dll
0x00007ff8490b0000 - 0x00007ff849159000 	C:\WINDOWS\System32\sechost.dll
0x00007ff847110000 - 0x00007ff847228000 	C:\WINDOWS\System32\RPCRT4.dll
0x00007ff847e60000 - 0x00007ff847ee0000 	C:\WINDOWS\System32\WS2_32.dll
0x00007ff846210000 - 0x00007ff84626e000 	C:\WINDOWS\SYSTEM32\POWRPROF.dll
0x00007ff83aca0000 - 0x00007ff83acab000 	C:\WINDOWS\SYSTEM32\VERSION.dll
0x00007ff837b20000 - 0x00007ff837b56000 	C:\WINDOWS\SYSTEM32\WINMM.dll
0x00007ff8461f0000 - 0x00007ff846205000 	C:\WINDOWS\SYSTEM32\UMPDC.dll
0x00007ff845080000 - 0x00007ff84509b000 	C:\WINDOWS\SYSTEM32\kernel.appcore.dll
0x00007ff829c60000 - 0x00007ff829c6a000 	C:\Program Files\Eclipse Adoptium\jdk-17.0.18.8-hotspot\bin\jimage.dll
0x00007ff843900000 - 0x00007ff843b42000 	C:\WINDOWS\SYSTEM32\DBGHELP.DLL
0x00007ff847fb0000 - 0x00007ff848334000 	C:\WINDOWS\System32\combase.dll
0x00007ff8474b0000 - 0x00007ff847589000 	C:\WINDOWS\System32\OLEAUT32.dll
0x00007ff8171c0000 - 0x00007ff8171fb000 	C:\WINDOWS\SYSTEM32\dbgcore.DLL
0x00007ff8467c0000 - 0x00007ff84686c000 	C:\WINDOWS\System32\bcryptPrimitives.dll
0x00007ff81b490000 - 0x00007ff81b49e000 	C:\Program Files\Eclipse Adoptium\jdk-17.0.18.8-hotspot\bin\instrument.dll
0x00007ff8245a0000 - 0x00007ff8245c5000 	C:\Program Files\Eclipse Adoptium\jdk-17.0.18.8-hotspot\bin\java.dll
0x00007ffff47f0000 - 0x00007ffff48c7000 	C:\Program Files\Eclipse Adoptium\jdk-17.0.18.8-hotspot\bin\jsvml.dll
0x00007ff8486b0000 - 0x00007ff848e48000 	C:\WINDOWS\System32\SHELL32.dll
0x00007ff843de0000 - 0x00007ff84468e000 	C:\WINDOWS\SYSTEM32\windows.storage.dll
0x00007ff848fb0000 - 0x00007ff8490ab000 	C:\WINDOWS\System32\SHCORE.dll
0x00007ff847880000 - 0x00007ff8478e6000 	C:\WINDOWS\System32\shlwapi.dll
0x00007ff8462d0000 - 0x00007ff8462f9000 	C:\WINDOWS\SYSTEM32\profapi.dll
0x00007ff820720000 - 0x00007ff820738000 	C:\Program Files\Eclipse Adoptium\jdk-17.0.18.8-hotspot\bin\zip.dll
0x00007ff820760000 - 0x00007ff82077a000 	C:\Program Files\Eclipse Adoptium\jdk-17.0.18.8-hotspot\bin\net.dll
0x00007ff83b7c0000 - 0x00007ff83b8ea000 	C:\WINDOWS\SYSTEM32\WINHTTP.dll
0x00007ff845640000 - 0x00007ff8456ac000 	C:\WINDOWS\system32\mswsock.dll
0x00007ff820740000 - 0x00007ff820756000 	C:\Program Files\Eclipse Adoptium\jdk-17.0.18.8-hotspot\bin\nio.dll
0x00007ff81b4e0000 - 0x00007ff81b4e9000 	C:\Program Files\Eclipse Adoptium\jdk-17.0.18.8-hotspot\bin\extnet.dll
0x00007ff844a00000 - 0x00007ff844a33000 	C:\WINDOWS\SYSTEM32\IPHLPAPI.DLL
0x00007ff847390000 - 0x00007ff84739a000 	C:\WINDOWS\System32\NSI.dll
0x00007ff83d140000 - 0x00007ff83d15d000 	C:\WINDOWS\SYSTEM32\dhcpcsvc6.DLL
0x00007ff83d110000 - 0x00007ff83d135000 	C:\WINDOWS\SYSTEM32\dhcpcsvc.DLL
0x00007ff844aa0000 - 0x00007ff844bf8000 	C:\WINDOWS\SYSTEM32\DNSAPI.dll
0x00007ff845440000 - 0x00007ff84544d000 	C:\WINDOWS\SYSTEM32\DSPARSE.dll
0x00007ff83acd0000 - 0x00007ff83acdb000 	C:\Windows\System32\rasadhlp.dll
0x00007ff83d2e0000 - 0x00007ff83d366000 	C:\WINDOWS\System32\fwpuclnt.dll
0x00007ff81e360000 - 0x00007ff81e36e000 	C:\Program Files\Eclipse Adoptium\jdk-17.0.18.8-hotspot\bin\sunmscapi.dll
0x00007ff846d40000 - 0x00007ff846ebe000 	C:\WINDOWS\System32\CRYPT32.dll
0x00007ff845b70000 - 0x00007ff845ba0000 	C:\WINDOWS\SYSTEM32\ncrypt.dll
0x00007ff845b20000 - 0x00007ff845b5f000 	C:\WINDOWS\SYSTEM32\NTASN1.dll
0x00007ff845930000 - 0x00007ff84594b000 	C:\WINDOWS\SYSTEM32\CRYPTSP.dll
0x00007ff844fe0000 - 0x00007ff845019000 	C:\WINDOWS\system32\rsaenh.dll
0x00007ff8456f0000 - 0x00007ff845724000 	C:\WINDOWS\SYSTEM32\USERENV.dll
0x00007ff8462a0000 - 0x00007ff8462ca000 	C:\WINDOWS\SYSTEM32\bcrypt.dll
0x00007ff845950000 - 0x00007ff84595c000 	C:\WINDOWS\SYSTEM32\CRYPTBASE.dll
0x00007ff829c50000 - 0x00007ff829c5a000 	C:\Program Files\Eclipse Adoptium\jdk-17.0.18.8-hotspot\bin\management.dll
0x00007ff820710000 - 0x00007ff82071c000 	C:\Program Files\Eclipse Adoptium\jdk-17.0.18.8-hotspot\bin\management_ext.dll
0x00007ff847660000 - 0x00007ff847668000 	C:\WINDOWS\System32\PSAPI.DLL
0x00007ff8180e0000 - 0x00007ff8180f0000 	C:\Program Files\Eclipse Adoptium\jdk-17.0.18.8-hotspot\bin\verify.dll
0x00007ff81a460000 - 0x00007ff81a468000 	C:\WINDOWS\system32\wshunix.dll

dbghelp: loaded successfully - version: 4.0.5 - missing functions: none
symbol engine: initialized successfully - sym options: 0x614 - pdb path: .;C:\Program Files\Eclipse Adoptium\jdk-17.0.18.8-hotspot\bin;C:\WINDOWS\SYSTEM32;C:\WINDOWS\WinSxS\amd64_microsoft.windows.common-controls_6595b64144ccf1df_6.0.26100.9278_none_3e0d1ba8e3303201;C:\Program Files\Eclipse Adoptium\jdk-17.0.18.8-hotspot\bin\server

VM Arguments:
jvm_args: -XX:TieredStopAtLevel=1 -Dspring.output.ansi.enabled=always -javaagent:C:\Program Files\JetBrains\IntelliJ IDEA 2026.2.1\lib\idea_rt.jar=58254 -Dfile.encoding=UTF-8 
java_command: com.example.userservice.UserServiceApplication
java_class_path (initial): C:\Users\swath\Downloads\day1-microservices\user-service-day1\user-service\target\classes;C:\Users\swath\.m2\repository\org\springframework\boot\spring-boot-starter-web\3.5.3\spring-boot-starter-web-3.5.3.jar;C:\Users\swath\.m2\repository\org\springframework\boot\spring-boot-starter\3.5.3\spring-boot-starter-3.5.3.jar;C:\Users\swath\.m2\repository\org\springframework\boot\spring-boot\3.5.3\spring-boot-3.5.3.jar;C:\Users\swath\.m2\repository\org\springframework\boot\spring-boot-autoconfigure\3.5.3\spring-boot-autoconfigure-3.5.3.jar;C:\Users\swath\.m2\repository\org\springframework\boot\spring-boot-starter-logging\3.5.3\spring-boot-starter-logging-3.5.3.jar;C:\Users\swath\.m2\repository\ch\qos\logback\logback-classic\1.5.18\logback-classic-1.5.18.jar;C:\Users\swath\.m2\repository\ch\qos\logback\logback-core\1.5.18\logback-core-1.5.18.jar;C:\Users\swath\.m2\repository\org\apache\logging\log4j\log4j-to-slf4j\2.24.3\log4j-to-slf4j-2.24.3.jar;C:\Users\swath\.m2\repository\org\apache\logging\log4j\log4j-api\2.24.3\log4j-api-2.24.3.jar;C:\Users\swath\.m2\repository\org\slf4j\jul-to-slf4j\2.0.17\jul-to-slf4j-2.0.17.jar;C:\Users\swath\.m2\repository\jakarta\annotation\jakarta.annotation-api\2.1.1\jakarta.annotation-api-2.1.1.jar;C:\Users\swath\.m2\repository\org\yaml\snakeyaml\2.4\snakeyaml-2.4.jar;C:\Users\swath\.m2\repository\org\springframework\boot\spring-boot-starter-json\3.5.3\spring-boot-starter-json-3.5.3.jar;C:\Users\swath\.m2\repository\com\fasterxml\jackson\core\jackson-databind\2.19.1\jackson-databind-2.19.1.jar;C:\Users\swath\.m2\repository\com\fasterxml\jackson\datatype\jackson-datatype-jdk8\2.19.1\jackson-datatype-jdk8-2.19.1.jar;C:\Users\swath\.m2\repository\com\fasterxml\jackson\datatype\jackson-datatype-jsr310\2.19.1\jackson-datatype-jsr310-2.19.1.jar;C:\Users\swath\.m2\repository\com\fasterxml\jackson\module\jackson-module-parameter-names\2.19.1\jackson-module-parameter-names-2.19.1.jar;C:\Users\swath\.m2\repository\org\springf
Launcher Type: SUN_STANDARD

[Global flags]
     intx CICompilerCount                          = 4                                         {product} {ergonomic}
     uint ConcGCThreads                            = 3                                         {product} {ergonomic}
     uint G1ConcRefinementThreads                  = 10                                        {product} {ergonomic}
   size_t G1HeapRegionSize                         = 1048576                                   {product} {ergonomic}
    uintx GCDrainStackTargetSize                   = 64                                        {product} {ergonomic}
   size_t InitialHeapSize                          = 62914560                                  {product} {ergonomic}
   size_t MarkStackSize                            = 4194304                                   {product} {ergonomic}
   size_t MaxHeapSize                              = 981467136                                 {product} {ergonomic}
   size_t MaxNewSize                               = 588251136                                 {product} {ergonomic}
   size_t MinHeapDeltaBytes                        = 1048576                                   {product} {ergonomic}
   size_t MinHeapSize                              = 8388608                                   {product} {ergonomic}
    uintx NonProfiledCodeHeapSize                  = 0                                      {pd product} {ergonomic}
     bool ProfileInterpreter                       = false                                  {pd product} {command line}
    uintx ProfiledCodeHeapSize                     = 0                                      {pd product} {ergonomic}
   size_t SoftMaxHeapSize                          = 981467136                              {manageable} {ergonomic}
     intx TieredStopAtLevel                        = 1                                         {product} {command line}
     bool UseCompressedClassPointers               = true                           {product lp64_product} {ergonomic}
     bool UseCompressedOops                        = true                           {product lp64_product} {ergonomic}
     bool UseG1GC                                  = true                                      {product} {ergonomic}
     bool UseLargePagesIndividualAllocation        = false                                  {pd product} {ergonomic}

Logging:
Log output configuration:
 #0: stdout all=warning uptime,level,tags
 #1: stderr all=off uptime,level,tags

Environment Variables:
PATH=C:\Program Files\Eclipse Adoptium\jdk-17.0.18.8-hotspot\bin;C:\Program Files\Common Files\Oracle\Java\javapath;C:\WINDOWS\system32;C:\WINDOWS;C:\WINDOWS\System32\Wbem;C:\WINDOWS\System32\WindowsPowerShell\v1.0\;C:\WINDOWS\System32\OpenSSH\;C:\Program Files\Java\jdk-25.0.2\bin;C:\Program Files\MySQL\MySQL Server 8.0\bin;C:\Program Files\Git\cmd;C:\Program Files\Docker\Docker\resources\bin;C:\Program Files\MySQL\MySQL Shell 8.0\bin\;C:\Users\swath\AppData\Local\Microsoft\WindowsApps;C:\Program Files\JetBrains\IntelliJ IDEA 2026.2.1\bin
USERNAME=swath
OS=Windows_NT
PROCESSOR_IDENTIFIER=Intel64 Family 6 Model 186 Stepping 3, GenuineIntel
TMP=C:\Users\swath\AppData\Local\Temp
TEMP=C:\Users\swath\AppData\Local\Temp



Periodic native trim disabled


---------------  S Y S T E M  ---------------

OS:
 Windows 11 , 64 bit Build 26100 (10.0.26100.9278)
OS uptime: 0 days 4:52 hours
Hyper-V role detected

CPU: total 12 (initial active 12) (6 cores per cpu, 2 threads per core) family 6 model 186 stepping 3 microcode 0x6134, cx8, cmov, fxsr, ht, mmx, 3dnowpref, sse, sse2, sse3, ssse3, sse4.1, sse4.2, popcnt, lzcnt, tsc, tscinvbit, avx, avx2, aes, erms, clmul, bmi1, bmi2, adx, sha, fma, vzeroupper, clflush, clflushopt, clwb, hv
Processor Information for all 12 processors :
  Max Mhz: 1300, Current Mhz: 1300, Mhz Limit: 1300

Memory: 4k page, system-wide physical 3739M (8M free)
TotalPageFile size 15003M (AvailPageFile size 16M)
current process WorkingSet (physical memory assigned to process): 34M, peak: 135M
current process commit charge ("private bytes"): 222M, peak: 270M

vm_info: OpenJDK 64-Bit Server VM (17.0.18+8) for windows-amd64 JRE (17.0.18+8), built on Jan 20 2026 22:28:22 by "admin" with MS VC++ 17.12 (VS2022)

END.
